// Jest Snapshot v1, https://goo.gl/fbAQLP

exports[`colorTableToRTF should return a string 1`] = `"{\\\\colortbl\\\\red255\\\\green0\\\\blue0;\\\\red0\\\\green100\\\\blue255;}"`;

exports[`getCssAst should remove unparsed colors from AST 1`] = `"*{background:red}"`;

exports[`getCssAst should remove unparsed colors from AST 2`] = `"*{background:#cf0}"`;

exports[`getCssAst should remove unparsed colors from AST 3`] = `"*{background:transparent}"`;

exports[`getCssAst should remove unparsed colors from AST 4`] = `"*{}"`;

exports[`getCssAst should remove unparsed colors from AST 5`] = `"*{}"`;

exports[`getCssAst should remove unparsed colors from AST 6`] = `"*{}"`;

exports[`getCssAst should return a unique list of theme colors 1`] = `
Array [
  Object {
    "b": 0,
    "g": 0,
    "r": 255,
  },
  Object {
    "alpha": 0.5,
    "b": 255,
    "g": 100,
    "r": 0,
  },
]
`;

exports[`getCssAst should return an AST for a given CSS text 1`] = `
Object {
  "children": Array [
    Object {
      "block": Object {
        "children": Array [
          Object {
            "important": false,
            "loc": null,
            "property": "color",
            "type": "Declaration",
            "value": Object {
              "children": Array [
                Object {
                  "loc": null,
                  "name": "red",
                  "type": "Identifier",
                },
              ],
              "loc": null,
              "type": "Value",
            },
          },
        ],
        "loc": null,
        "type": "Block",
      },
      "loc": null,
      "selector": Object {
        "children": Array [
          Object {
            "children": Array [
              Object {
                "loc": null,
                "name": "*",
                "type": "TypeSelector",
              },
            ],
            "loc": null,
            "type": "Selector",
          },
        ],
        "loc": null,
        "type": "SelectorList",
      },
      "type": "Rule",
    },
  ],
  "loc": null,
  "type": "StyleSheet",
}
`;

exports[`stripBackgroundForSelector should only remove background rules for a given selector 1`] = `"*{color:red}"`;

exports[`stripBackgroundForSelector should remove background rules for a given selector 1`] = `".test{color:blue}"`;
