// Jest Snapshot v1, https://goo.gl/fbAQLP

exports[`colorTableToRTF should return a string 1`] = `"{\\\\colortbl\\\\red255\\\\green0\\\\blue0;\\\\red0\\\\green100\\\\blue255;}"`;

exports[`getSafeCssText should remove unparsed colors from new CSS 1`] = `"*{background:red}*{background:#cf0}*{background:transparent}*{}*{}*{}"`;

exports[`getSafeCssText should return a new CSS string for a given CSS text 1`] = `"*{color:red}"`;

exports[`getUniqueColors should return a unique list of all used colors 1`] = `
Array [
  Object {
    "b": 0,
    "g": 0,
    "r": 255,
  },
  Object {
    "alpha": 0.5,
    "b": 255,
    "g": 100,
    "r": 0,
  },
]
`;

exports[`stripBackgroundForSelector should only remove background rules for a given selector 1`] = `"*{color:red}"`;

exports[`stripBackgroundForSelector should remove background rules for a given selector 1`] = `".test{color:blue}"`;
